// Jest Snapshot v1, https://goo.gl/fbAQLP

exports[`<Header /> should render the component 1`] = `
<header
  class="fixed z-20 w-full"
>
  <nav
    class="border-gray-200 bg-white bg-opacity-50 px-4 py-2.5 dark:bg-gray-800  lg:px-6"
  >
    <div
      class="mx-auto flex max-w-screen-xl flex-wrap items-center justify-between"
    >
      <div
        class="flex space-x-2"
      >
        <label
          class="relative inline-flex cursor-pointer items-center"
        >
          <input
            checked=""
            class="peer sr-only"
            type="checkbox"
            value=""
          />
          <div
            class="peer relative rounded-full bg-gray-300 peer-checked:bg-blue-600 peer-focus:outline-none peer-focus:ring-4 peer-focus:ring-blue-300 dark:border-gray-600 dark:bg-gray-700 dark:peer-focus:ring-blue-800 h-5 w-9 sm:h-7 sm:w-14"
          >
            <span
              class="absolute flex items-center rounded-full border border-gray-300 bg-white text-gray-950 transition-all left-[2px] top-[2px] h-4 w-4 sm:left-[4px] sm:top-0.5 sm:h-6 sm:w-6 translate-x-full"
            >
              <svg
                class="lucide lucide-lightbulb"
                fill="none"
                height="24"
                stroke="currentColor"
                stroke-linecap="round"
                stroke-linejoin="round"
                stroke-width="2"
                viewBox="0 0 24 24"
                width="24"
                xmlns="http://www.w3.org/2000/svg"
              >
                <path
                  d="M15 14c.2-1 .7-1.7 1.5-2.5 1-.9 1.5-2.2 1.5-3.5A6 6 0 0 0 6 8c0 1 .2 2.2 1.5 3.5.7.7 1.3 1.5 1.5 2.5"
                />
                <path
                  d="M9 18h6"
                />
                <path
                  d="M10 22h4"
                />
              </svg>
            </span>
          </div>
          <span
            class="ml-3 text-sm font-medium text-gray-900 dark:text-gray-300"
            role="label"
          />
        </label>
        <div
          class="relative"
        >
          <button
            class="z-10 inline-flex flex-shrink-0 items-center rounded-md border border-gray-300 bg-gray-100 px-4 py-2.5 text-center text-sm font-medium text-gray-500 hover:bg-gray-200 focus:outline-none focus:ring-4 focus:ring-gray-100 dark:border-gray-600 dark:bg-gray-700 dark:text-white dark:hover:bg-gray-600 dark:focus:ring-gray-700"
            data-dropdown-toggle="dropdown-locales"
            id="locales-button"
            type="button"
          >
            <div
              class="h-4 w-4 text-2xl sm:h-6 sm:w-6"
            >
              <svg
                fill="none"
                viewBox="0 0 512 512"
                xmlns="http://www.w3.org/2000/svg"
              >
                <g
                  clip-path="url(#us-flag)"
                >
                  <path
                    d="M256 512c141.385 0 256-114.615 256-256S397.385 0 256 0 0 114.615 0 256s114.615 256 256 256Z"
                    fill="#F0F0F0"
                  />
                  <path
                    d="M244.87 256.001H512c0-23.106-3.08-45.49-8.819-66.783H244.87v66.783ZM244.87 122.435h229.556a257.353 257.353 0 0 0-59.07-66.783H244.87v66.783ZM256 512.001c60.249 0 115.626-20.824 159.356-55.652H96.644c43.73 34.828 99.107 55.652 159.356 55.652ZM37.574 389.565h436.852a254.474 254.474 0 0 0 28.755-66.783H8.819a254.472 254.472 0 0 0 28.755 66.783Z"
                    fill="#D80027"
                  />
                  <path
                    d="M118.584 39.978h23.329l-21.7 15.765 8.289 25.509-21.699-15.765-21.699 15.765 7.16-22.037a257.407 257.407 0 0 0-49.652 55.337h7.475l-13.813 10.035a255.58 255.58 0 0 0-6.194 10.938l6.596 20.301-12.306-8.941a253.567 253.567 0 0 0-8.372 19.873l7.267 22.368h26.822l-21.7 15.765 8.289 25.509-21.699-15.765-12.998 9.444A258.468 258.468 0 0 0 0 256h256V0c-50.572 0-97.715 14.67-137.416 39.978Zm9.918 190.422-21.699-15.765L85.104 230.4l8.289-25.509-21.7-15.765h26.822l8.288-25.509 8.288 25.509h26.822l-21.7 15.765 8.289 25.509Zm-8.289-100.083 8.289 25.509-21.699-15.765-21.699 15.765 8.289-25.509-21.7-15.765h26.822l8.288-25.509 8.288 25.509h26.822l-21.7 15.765ZM220.328 230.4l-21.699-15.765L176.93 230.4l8.289-25.509-21.7-15.765h26.822l8.288-25.509 8.288 25.509h26.822l-21.7 15.765 8.289 25.509Zm-8.289-100.083 8.289 25.509-21.699-15.765-21.699 15.765 8.289-25.509-21.7-15.765h26.822l8.288-25.509 8.288 25.509h26.822l-21.7 15.765Zm0-74.574 8.289 25.509-21.699-15.765-21.699 15.765 8.289-25.509-21.7-15.765h26.822l8.288-25.509 8.288 25.509h26.822l-21.7 15.765Z"
                    fill="#0052B4"
                  />
                </g>
                <defs>
                  <clippath
                    id="us-flag"
                  >
                    <path
                      d="M0 0h512v512H0z"
                      fill="#fff"
                    />
                  </clippath>
                </defs>
              </svg>
            </div>
            <svg
              class="ml h-4 w-4 sm:h-6 sm:w-6"
              fill="none"
              height="24"
              stroke="currentColor"
              stroke-linecap="round"
              stroke-linejoin="round"
              stroke-width="2"
              viewBox="0 0 24 24"
              width="24"
              xmlns="http://www.w3.org/2000/svg"
            >
              <path
                d="m6 9 6 6 6-6"
              />
            </svg>
          </button>
          <div
            class="absolute top-0 z-10 w-44 divide-y divide-gray-100 rounded-lg bg-white  shadow ring-4 ring-gray-100 dark:bg-gray-700 dark:ring-gray-700 hidden"
            id="dropdown-locales"
          >
            <ul
              aria-labelledby="locales-button"
              class="py-2 text-sm text-gray-700 dark:text-gray-200"
            >
              <li>
                <button
                  class="inline-flex w-full px-4 py-2 text-sm text-gray-700 hover:bg-gray-100 dark:text-gray-400 dark:hover:bg-gray-600 dark:hover:text-white"
                  type="button"
                >
                  <div
                    class="inline-flex items-center"
                  >
                    <div
                      class="h-4 w-4 text-2xl sm:h-6 sm:w-6"
                    >
                      <svg
                        fill="none"
                        viewBox="0 0 512 512"
                        xmlns="http://www.w3.org/2000/svg"
                      >
                        <g
                          clip-path="url(#us-flag)"
                        >
                          <path
                            d="M256 512c141.385 0 256-114.615 256-256S397.385 0 256 0 0 114.615 0 256s114.615 256 256 256Z"
                            fill="#F0F0F0"
                          />
                          <path
                            d="M244.87 256.001H512c0-23.106-3.08-45.49-8.819-66.783H244.87v66.783ZM244.87 122.435h229.556a257.353 257.353 0 0 0-59.07-66.783H244.87v66.783ZM256 512.001c60.249 0 115.626-20.824 159.356-55.652H96.644c43.73 34.828 99.107 55.652 159.356 55.652ZM37.574 389.565h436.852a254.474 254.474 0 0 0 28.755-66.783H8.819a254.472 254.472 0 0 0 28.755 66.783Z"
                            fill="#D80027"
                          />
                          <path
                            d="M118.584 39.978h23.329l-21.7 15.765 8.289 25.509-21.699-15.765-21.699 15.765 7.16-22.037a257.407 257.407 0 0 0-49.652 55.337h7.475l-13.813 10.035a255.58 255.58 0 0 0-6.194 10.938l6.596 20.301-12.306-8.941a253.567 253.567 0 0 0-8.372 19.873l7.267 22.368h26.822l-21.7 15.765 8.289 25.509-21.699-15.765-12.998 9.444A258.468 258.468 0 0 0 0 256h256V0c-50.572 0-97.715 14.67-137.416 39.978Zm9.918 190.422-21.699-15.765L85.104 230.4l8.289-25.509-21.7-15.765h26.822l8.288-25.509 8.288 25.509h26.822l-21.7 15.765 8.289 25.509Zm-8.289-100.083 8.289 25.509-21.699-15.765-21.699 15.765 8.289-25.509-21.7-15.765h26.822l8.288-25.509 8.288 25.509h26.822l-21.7 15.765ZM220.328 230.4l-21.699-15.765L176.93 230.4l8.289-25.509-21.7-15.765h26.822l8.288-25.509 8.288 25.509h26.822l-21.7 15.765 8.289 25.509Zm-8.289-100.083 8.289 25.509-21.699-15.765-21.699 15.765 8.289-25.509-21.7-15.765h26.822l8.288-25.509 8.288 25.509h26.822l-21.7 15.765Zm0-74.574 8.289 25.509-21.699-15.765-21.699 15.765 8.289-25.509-21.7-15.765h26.822l8.288-25.509 8.288 25.509h26.822l-21.7 15.765Z"
                            fill="#0052B4"
                          />
                        </g>
                        <defs>
                          <clippath
                            id="us-flag"
                          >
                            <path
                              d="M0 0h512v512H0z"
                              fill="#fff"
                            />
                          </clippath>
                        </defs>
                      </svg>
                    </div>
                    <span
                      class="ml-2"
                    >
                      English
                    </span>
                  </div>
                </button>
              </li>
              <li>
                <button
                  class="inline-flex w-full px-4 py-2 text-sm text-gray-700 hover:bg-gray-100 dark:text-gray-400 dark:hover:bg-gray-600 dark:hover:text-white"
                  type="button"
                >
                  <div
                    class="inline-flex items-center"
                  >
                    <div
                      class="h-4 w-4 text-2xl sm:h-6 sm:w-6"
                    >
                      <svg
                        fill="none"
                        viewBox="0 0 512 512"
                        xmlns="http://www.w3.org/2000/svg"
                      >
                        <g
                          clip-path="url(#brazil-flag)"
                        >
                          <path
                            d="M256 512c141.385 0 256-114.615 256-256S397.385 0 256 0 0 114.615 0 256s114.615 256 256 256Z"
                            fill="#6DA544"
                          />
                          <path
                            d="M256 100.174 467.478 256 256 411.826 44.522 256 256 100.174Z"
                            fill="#FFDA44"
                          />
                          <path
                            d="M256 345.043c49.177 0 89.043-39.866 89.043-89.043 0-49.177-39.866-89.043-89.043-89.043-49.177 0-89.043 39.866-89.043 89.043 0 49.177 39.866 89.043 89.043 89.043Z"
                            fill="#F0F0F0"
                          />
                          <path
                            d="M211.478 250.435c-15.484 0-30.427 2.355-44.493 6.725.623 48.64 40.227 87.884 89.015 87.884 30.168 0 56.812-15.017 72.919-37.968-27.557-34.497-69.958-56.641-117.441-56.641ZM343.393 273.06a89.45 89.45 0 0 0 1.651-17.06c0-49.178-39.866-89.043-89.043-89.043-36.694 0-68.194 22.201-81.826 53.899a183.693 183.693 0 0 1 37.305-3.812c51.717-.001 98.503 21.497 131.913 56.016Z"
                            fill="#0052B4"
                          />
                        </g>
                        <defs>
                          <clippath
                            id="brazil-flag"
                          >
                            <path
                              d="M0 0h512v512H0z"
                              fill="#fff"
                            />
                          </clippath>
                        </defs>
                      </svg>
                    </div>
                    <span
                      class="ml-2"
                    >
                      Portuguese
                    </span>
                  </div>
                </button>
              </li>
              <li>
                <button
                  class="inline-flex w-full px-4 py-2 text-sm text-gray-700 hover:bg-gray-100 dark:text-gray-400 dark:hover:bg-gray-600 dark:hover:text-white"
                  type="button"
                >
                  <div
                    class="inline-flex items-center"
                  >
                    <div
                      class="h-4 w-4 text-2xl sm:h-6 sm:w-6"
                    >
                      <svg
                        fill="none"
                        viewBox="0 0 512 512"
                        xmlns="http://www.w3.org/2000/svg"
                      >
                        <g
                          clip-path="url(#spain-flag)"
                        >
                          <path
                            d="M.001 256c0 31.314 5.633 61.31 15.923 89.043l240.077 22.261 240.077-22.261c10.29-27.733 15.923-57.729 15.923-89.043 0-31.314-5.633-61.31-15.923-89.043l-240.077-22.261-240.077 22.261C5.634 194.69.001 224.686.001 256Z"
                            fill="#FFDA44"
                          />
                          <path
                            d="M496.078 166.957C459.907 69.473 366.072 0 256.001 0S52.095 69.473 15.924 166.957h480.154ZM15.924 345.043C52.095 442.527 145.93 512 256.001 512s203.906-69.473 240.077-166.957H15.924Z"
                            fill="#D80027"
                          />
                        </g>
                        <defs>
                          <clippath
                            id="spain-flag"
                          >
                            <path
                              d="M.001 0h512v512h-512z"
                              fill="#fff"
                            />
                          </clippath>
                        </defs>
                      </svg>
                    </div>
                    <span
                      class="ml-2"
                    >
                      Spanish
                    </span>
                  </div>
                </button>
              </li>
            </ul>
          </div>
        </div>
      </div>
      <div
        class="flex items-center lg:order-2"
      >
        <button
          aria-controls="mobile-menu-2"
          aria-expanded="false"
          class="ml-1 inline-flex items-center rounded-lg p-2 text-sm text-gray-500 hover:bg-gray-100 focus:outline-none focus:ring-2 focus:ring-gray-200 dark:text-gray-400 dark:hover:bg-gray-700 dark:focus:ring-gray-600 lg:hidden"
          data-collapse-toggle="mobile-menu-2"
          type="button"
        >
          <span
            class="sr-only"
          >
            Open main menu
          </span>
          <svg
            class="h-6 w-6"
            fill="currentColor"
            viewBox="0 0 20 20"
            xmlns="http://www.w3.org/2000/svg"
          >
            <path
              clip-rule="evenodd"
              d="M3 5a1 1 0 011-1h12a1 1 0 110 2H4a1 1 0 01-1-1zM3 10a1 1 0 011-1h12a1 1 0 110 2H4a1 1 0 01-1-1zM3 15a1 1 0 011-1h12a1 1 0 110 2H4a1 1 0 01-1-1z"
              fill-rule="evenodd"
            />
          </svg>
          <svg
            class="hidden h-6 w-6"
            fill="currentColor"
            viewBox="0 0 20 20"
            xmlns="http://www.w3.org/2000/svg"
          >
            <path
              clip-rule="evenodd"
              d="M4.293 4.293a1 1 0 011.414 0L10 8.586l4.293-4.293a1 1 0 111.414 1.414L11.414 10l4.293 4.293a1 1 0 01-1.414 1.414L10 11.414l-4.293 4.293a1 1 0 01-1.414-1.414L8.586 10 4.293 5.707a1 1 0 010-1.414z"
              fill-rule="evenodd"
            />
          </svg>
        </button>
      </div>
      <div
        class="hidden w-full items-center justify-between lg:order-1 lg:flex lg:w-auto"
        id="mobile-menu-2"
      >
        <ul
          class="mt-4 flex flex-col font-medium lg:mt-0 lg:flex-row lg:space-x-8"
        >
          <li>
            <a
              aria-current="page"
              class="bg-primary-700 lg:text-primary-700 block rounded py-2 pl-3 pr-4 text-white dark:text-white lg:bg-transparent lg:p-0"
              href="#welcome"
            >
              Welcome
            </a>
          </li>
          <li>
            <a
              class="lg:hover:text-primary-700 block border-b border-gray-100 py-2 pl-3 pr-4 text-gray-700 hover:bg-gray-50 dark:border-gray-700 dark:text-gray-400 dark:hover:bg-gray-700 dark:hover:text-white lg:border-0 lg:p-0 lg:hover:bg-transparent lg:dark:hover:bg-transparent lg:dark:hover:text-white"
              href="#timeline"
            >
              Timeline
            </a>
          </li>
          <li>
            <a
              class="lg:hover:text-primary-700 block border-b border-gray-100 py-2 pl-3 pr-4 text-gray-700 hover:bg-gray-50 dark:border-gray-700 dark:text-gray-400 dark:hover:bg-gray-700 dark:hover:text-white lg:border-0 lg:p-0 lg:hover:bg-transparent lg:dark:hover:bg-transparent lg:dark:hover:text-white"
              href="#"
            >
              About me
            </a>
          </li>
          <li>
            <a
              class="lg:hover:text-primary-700 block border-b border-gray-100 py-2 pl-3 pr-4 text-gray-700 hover:bg-gray-50 dark:border-gray-700 dark:text-gray-400 dark:hover:bg-gray-700 dark:hover:text-white lg:border-0 lg:p-0 lg:hover:bg-transparent lg:dark:hover:bg-transparent lg:dark:hover:text-white"
              href="#"
            >
              Contact
            </a>
          </li>
        </ul>
      </div>
    </div>
  </nav>
</header>
`;
