// Jest Snapshot v1, https://goo.gl/fbAQLP

exports[`<Toogle /> Should match snapshot 1`] = `
<label
  class="relative inline-flex cursor-pointer items-center"
>
  <input
    class="peer sr-only"
    type="checkbox"
    value=""
  />
  <div
    class="peer relative rounded-full bg-gray-300 peer-checked:bg-blue-600 peer-focus:outline-none peer-focus:ring-4 peer-focus:ring-blue-300 dark:border-gray-600 dark:bg-gray-700 dark:peer-focus:ring-blue-800 h-6 w-11"
  >
    <span
      class="absolute flex items-center rounded-full border border-gray-300 bg-white text-gray-950 transition-all left-[2px] top-[2px] h-5 w-5"
    />
  </div>
  <span
    class="ml-3 text-sm font-medium text-gray-900 dark:text-gray-300"
    role="label"
  >
    my-tootle
  </span>
</label>
`;
